Last login: Wed Oct 10 12:08:32 on ttys000
SE14L0120-03:~ a01032336$ cd ~/Desktop
SE14L0120-03:Desktop a01032336$ mkdir test2
SE14L0120-03:Desktop a01032336$ cd test2
SE14L0120-03:test2 a01032336$ touch commands.txt
SE14L0120-03:test2 a01032336$ cd ..
SE14L0120-03:Desktop a01032336$ git clone https://github.com/eliastayag/gittest2526.git
Cloning into 'gittest2526'...
warning: You appear to have cloned an empty repository.
SE14L0120-03:Desktop a01032336$ mv test2 gittest2526
SE14L0120-03:Desktop a01032336$ git commit -m "folder"
fatal: Not a git repository (or any of the parent directories): .git
SE14L0120-03:Desktop a01032336$ cd gittest2526
SE14L0120-03:gittest2526 a01032336$ git commit -m "folder"
On branch master

Initial commit

Untracked files:
	test2/

nothing added to commit but untracked files present
SE14L0120-03:gittest2526 a01032336$ git push origin master
error: src refspec master does not match any.
error: failed to push some refs to 'https://github.com/eliastayag/gittest2526.git'
SE14L0120-03:gittest2526 a01032336$ git pull --no-edit
Your configuration specifies to merge with the ref 'refs/heads/master'
from the remote, but no such ref was fetched.
SE14L0120-03:gittest2526 a01032336$ git status
On branch master

No commits yet

Untracked files:
  (use "git add <file>..." to include in what will be committed)

	test2/

nothing added to commit but untracked files present (use "git add" to track)
SE14L0120-03:gittest2526 a01032336$ git add test2
SE14L0120-03:gittest2526 a01032336$ git push origin master
error: src refspec master does not match any.
error: failed to push some refs to 'https://github.com/eliastayag/gittest2526.git'
SE14L0120-03:gittest2526 a01032336$ git commit -m "first"
[master (root-commit) 7e6305d] first
 Committer: Elias Tayag-Ovalle <a01032336@se14l0120-03.ad.bcit.ca>
Your name and email address were configured automatically based
on your username and hostname. Please check that they are accurate.
You can suppress this message by setting them explicitly. Run the
following command and follow the instructions in your editor to edit
your configuration file:

    git config --global --edit

After doing this, you may fix the identity used for this commit with:

    git commit --amend --reset-author

 1 file changed, 0 insertions(+), 0 deletions(-)
 create mode 100644 test2/commands.txt
SE14L0120-03:gittest2526 a01032336$ git push origin master
Counting objects: 4, done.
Writing objects: 100% (4/4), 270 bytes | 270.00 KiB/s, done.
Total 4 (delta 0), reused 0 (delta 0)
remote: 
remote: Create a pull request for 'master' on GitHub by visiting:
remote:      https://github.com/eliastayag/gittest2526/pull/new/master
remote: 
To https://github.com/eliastayag/gittest2526.git
 * [new branch]      master -> master
SE14L0120-03:gittest2526 a01032336$ touch repo.txt
SE14L0120-03:gittest2526 a01032336$ git add repo.txt
SE14L0120-03:gittest2526 a01032336$ git commit -m "repo"
[master 90559a1] repo
 Committer: Elias Tayag-Ovalle <a01032336@se14l0120-03.ad.bcit.ca>
Your name and email address were configured automatically based
on your username and hostname. Please check that they are accurate.
You can suppress this message by setting them explicitly. Run the
following command and follow the instructions in your editor to edit
your configuration file:

    git config --global --edit

After doing this, you may fix the identity used for this commit with:

    git commit --amend --reset-author

 1 file changed, 0 insertions(+), 0 deletions(-)
 create mode 100644 repo.txt
SE14L0120-03:gittest2526 a01032336$ git push origin master
Counting objects: 2, done.
Delta compression using up to 8 threads.
Compressing objects: 100% (2/2), done.
Writing objects: 100% (2/2), 275 bytes | 275.00 KiB/s, done.
Total 2 (delta 0), reused 0 (delta 0)
To https://github.com/eliastayag/gittest2526.git
   7e6305d..90559a1  master -> master
SE14L0120-03:gittest2526 a01032336$ nano repo.txt
SE14L0120-03:gittest2526 a01032336$ git add repo.txt
SE14L0120-03:gittest2526 a01032336$ git commit -m "repo"
[master 8f131e8] repo
 Committer: Elias Tayag-Ovalle <a01032336@se14l0120-03.ad.bcit.ca>
Your name and email address were configured automatically based
on your username and hostname. Please check that they are accurate.
You can suppress this message by setting them explicitly. Run the
following command and follow the instructions in your editor to edit
your configuration file:

    git config --global --edit

After doing this, you may fix the identity used for this commit with:

    git commit --amend --reset-author

 1 file changed, 3 insertions(+)
SE14L0120-03:gittest2526 a01032336$ git push origin master
Counting objects: 3, done.
Delta compression using up to 8 threads.
Compressing objects: 100% (2/2), done.
Writing objects: 100% (3/3), 306 bytes | 306.00 KiB/s, done.
Total 3 (delta 0), reused 0 (delta 0)
To https://github.com/eliastayag/gittest2526.git
   90559a1..8f131e8  master -> master
SE14L0120-03:gittest2526 a01032336$ 
