Last login: Wed Oct 10 12:08:32 on ttys000
SE14L0120-03:~ a01032336$ cd ~/Desktop
SE14L0120-03:Desktop a01032336$ mkdir test2
SE14L0120-03:Desktop a01032336$ cd test2
SE14L0120-03:test2 a01032336$ touch commands.txt
SE14L0120-03:test2 a01032336$ cd ..
SE14L0120-03:Desktop a01032336$ git clone https://github.com/eliastayag/gittest2526.git
Cloning into 'gittest2526'...
warning: You appear to have cloned an empty repository.
SE14L0120-03:Desktop a01032336$ mv test2 gittest2526
SE14L0120-03:Desktop a01032336$ git commit -m "folder"
fatal: Not a git repository (or any of the parent directories): .git
SE14L0120-03:Desktop a01032336$ cd gittest2526
SE14L0120-03:gittest2526 a01032336$ git commit -m "folder"
On branch master

Initial commit

Untracked files:
	test2/

nothing added to commit but untracked files present
SE14L0120-03:gittest2526 a01032336$ git push origin master
error: src refspec master does not match any.
error: failed to push some refs to 'https://github.com/eliastayag/gittest2526.git'
SE14L0120-03:gittest2526 a01032336$ git pull --no-edit
Your configuration specifies to merge with the ref 'refs/heads/master'
from the remote, but no such ref was fetched.
SE14L0120-03:gittest2526 a01032336$ git status
On branch master

No commits yet

Untracked files:
  (use "git add <file>..." to include in what will be committed)

	test2/

nothing added to commit but untracked files present (use "git add" to track)
SE14L0120-03:gittest2526 a01032336$ git add test2
SE14L0120-03:gittest2526 a01032336$ git push origin master
error: src refspec master does not match any.
error: failed to push some refs to 'https://github.com/eliastayag/gittest2526.git'
SE14L0120-03:gittest2526 a01032336$ git commit -m "first"
[master (root-commit) 7e6305d] first
 Committer: Elias Tayag-Ovalle <a01032336@se14l0120-03.ad.bcit.ca>
Your name and email address were configured automatically based
on your username and hostname. Please check that they are accurate.
You can suppress this message by setting them explicitly. Run the
following command and follow the instructions in your editor to edit
your configuration file:

    git config --global --edit

After doing this, you may fix the identity used for this commit with:

    git commit --amend --reset-author

 1 file changed, 0 insertions(+), 0 deletions(-)
 create mode 100644 test2/commands.txt
SE14L0120-03:gittest2526 a01032336$ git push origin master
Counting objects: 4, done.
Writing objects: 100% (4/4), 270 bytes | 270.00 KiB/s, done.
Total 4 (delta 0), reused 0 (delta 0)
remote: 
remote: Create a pull request for 'master' on GitHub by visiting:
remote:      https://github.com/eliastayag/gittest2526/pull/new/master
remote: 
To https://github.com/eliastayag/gittest2526.git
 * [new branch]      master -> master
SE14L0120-03:gittest2526 a01032336$ touch repo.txt
SE14L0120-03:gittest2526 a01032336$ git add repo.txt
SE14L0120-03:gittest2526 a01032336$ git commit -m "repo"
[master 90559a1] repo
 Committer: Elias Tayag-Ovalle <a01032336@se14l0120-03.ad.bcit.ca>
Your name and email address were configured automatically based
on your username and hostname. Please check that they are accurate.
You can suppress this message by setting them explicitly. Run the
following command and follow the instructions in your editor to edit
your configuration file:

    git config --global --edit

After doing this, you may fix the identity used for this commit with:

    git commit --amend --reset-author

 1 file changed, 0 insertions(+), 0 deletions(-)
 create mode 100644 repo.txt
SE14L0120-03:gittest2526 a01032336$ git push origin master
Counting objects: 2, done.
Delta compression using up to 8 threads.
Compressing objects: 100% (2/2), done.
Writing objects: 100% (2/2), 275 bytes | 275.00 KiB/s, done.
Total 2 (delta 0), reused 0 (delta 0)
To https://github.com/eliastayag/gittest2526.git
   7e6305d..90559a1  master -> master
SE14L0120-03:gittest2526 a01032336$ nano repo.txt
SE14L0120-03:gittest2526 a01032336$ git add repo.txt
SE14L0120-03:gittest2526 a01032336$ git commit -m "repo"
[master 8f131e8] repo
 Committer: Elias Tayag-Ovalle <a01032336@se14l0120-03.ad.bcit.ca>
Your name and email address were configured automatically based
on your username and hostname. Please check that they are accurate.
You can suppress this message by setting them explicitly. Run the
following command and follow the instructions in your editor to edit
your configuration file:

    git config --global --edit

After doing this, you may fix the identity used for this commit with:

    git commit --amend --reset-author

 1 file changed, 3 insertions(+)
SE14L0120-03:gittest2526 a01032336$ git push origin master
Counting objects: 3, done.
Delta compression using up to 8 threads.
Compressing objects: 100% (2/2), done.
Writing objects: 100% (3/3), 306 bytes | 306.00 KiB/s, done.
Total 3 (delta 0), reused 0 (delta 0)
To https://github.com/eliastayag/gittest2526.git
   90559a1..8f131e8  master -> master
SE14L0120-03:gittest2526 a01032336$ 












Last login: Wed Oct 10 12:08:32 on ttys000
SE14L0120-03:~ a01032336$ cd ~/Desktop
SE14L0120-03:Desktop a01032336$ mkdir test2
SE14L0120-03:Desktop a01032336$ cd test2
SE14L0120-03:test2 a01032336$ touch commands.txt
SE14L0120-03:test2 a01032336$ cd ..
SE14L0120-03:Desktop a01032336$ git clone https://github.com/eliastayag/gittest2526.git
Cloning into 'gittest2526'...
warning: You appear to have cloned an empty repository.
SE14L0120-03:Desktop a01032336$ mv test2 gittest2526
SE14L0120-03:Desktop a01032336$ git commit -m "folder"
fatal: Not a git repository (or any of the parent directories): .git
SE14L0120-03:Desktop a01032336$ cd gittest2526
SE14L0120-03:gittest2526 a01032336$ git commit -m "folder"
On branch master

Initial commit

Untracked files:
	test2/

nothing added to commit but untracked files present
SE14L0120-03:gittest2526 a01032336$ git push origin master
error: src refspec master does not match any.
error: failed to push some refs to 'https://github.com/eliastayag/gittest2526.git'
SE14L0120-03:gittest2526 a01032336$ git pull --no-edit
Your configuration specifies to merge with the ref 'refs/heads/master'
from the remote, but no such ref was fetched.
SE14L0120-03:gittest2526 a01032336$ git status
On branch master

No commits yet

Untracked files:
  (use "git add <file>..." to include in what will be committed)

	test2/

nothing added to commit but untracked files present (use "git add" to track)
SE14L0120-03:gittest2526 a01032336$ git add test2
SE14L0120-03:gittest2526 a01032336$ git push origin master
error: src refspec master does not match any.
error: failed to push some refs to 'https://github.com/eliastayag/gittest2526.git'
SE14L0120-03:gittest2526 a01032336$ git commit -m "first"
[master (root-commit) 7e6305d] first
 Committer: Elias Tayag-Ovalle <a01032336@se14l0120-03.ad.bcit.ca>
Your name and email address were configured automatically based
on your username and hostname. Please check that they are accurate.
You can suppress this message by setting them explicitly. Run the
following command and follow the instructions in your editor to edit
your configuration file:

    git config --global --edit

After doing this, you may fix the identity used for this commit with:

    git commit --amend --reset-author

 1 file changed, 0 insertions(+), 0 deletions(-)
 create mode 100644 test2/commands.txt
SE14L0120-03:gittest2526 a01032336$ git push origin master
Counting objects: 4, done.
Writing objects: 100% (4/4), 270 bytes | 270.00 KiB/s, done.
Total 4 (delta 0), reused 0 (delta 0)
remote: 
remote: Create a pull request for 'master' on GitHub by visiting:
remote:      https://github.com/eliastayag/gittest2526/pull/new/master
remote: 
To https://github.com/eliastayag/gittest2526.git
 * [new branch]      master -> master
SE14L0120-03:gittest2526 a01032336$ touch repo.txt
SE14L0120-03:gittest2526 a01032336$ git add repo.txt
SE14L0120-03:gittest2526 a01032336$ git commit -m "repo"
[master 90559a1] repo
 Committer: Elias Tayag-Ovalle <a01032336@se14l0120-03.ad.bcit.ca>
Your name and email address were configured automatically based
on your username and hostname. Please check that they are accurate.
You can suppress this message by setting them explicitly. Run the
following command and follow the instructions in your editor to edit
your configuration file:

    git config --global --edit

After doing this, you may fix the identity used for this commit with:

    git commit --amend --reset-author

 1 file changed, 0 insertions(+), 0 deletions(-)
 create mode 100644 repo.txt
SE14L0120-03:gittest2526 a01032336$ git push origin master
Counting objects: 2, done.
Delta compression using up to 8 threads.
Compressing objects: 100% (2/2), done.
Writing objects: 100% (2/2), 275 bytes | 275.00 KiB/s, done.
Total 2 (delta 0), reused 0 (delta 0)
To https://github.com/eliastayag/gittest2526.git
   7e6305d..90559a1  master -> master
SE14L0120-03:gittest2526 a01032336$ nano repo.txt
SE14L0120-03:gittest2526 a01032336$ git add repo.txt
SE14L0120-03:gittest2526 a01032336$ git commit -m "repo"
[master 8f131e8] repo
 Committer: Elias Tayag-Ovalle <a01032336@se14l0120-03.ad.bcit.ca>
Your name and email address were configured automatically based
on your username and hostname. Please check that they are accurate.
You can suppress this message by setting them explicitly. Run the
following command and follow the instructions in your editor to edit
your configuration file:

    git config --global --edit

After doing this, you may fix the identity used for this commit with:

    git commit --amend --reset-author

 1 file changed, 3 insertions(+)
SE14L0120-03:gittest2526 a01032336$ git push origin master
Counting objects: 3, done.
Delta compression using up to 8 threads.
Compressing objects: 100% (2/2), done.
Writing objects: 100% (3/3), 306 bytes | 306.00 KiB/s, done.
Total 3 (delta 0), reused 0 (delta 0)
To https://github.com/eliastayag/gittest2526.git
   90559a1..8f131e8  master -> master
SE14L0120-03:gittest2526 a01032336$ cd ..
SE14L0120-03:Desktop a01032336$ mkdir Q1
SE14L0120-03:Desktop a01032336$ mv gittest2526 q1
SE14L0120-03:Desktop a01032336$ cp gittest2526 q1
cp: gittest2526 is a directory (not copied).
SE14L0120-03:Desktop a01032336$ cp -r gittest2526 q1
SE14L0120-03:Desktop a01032336$ cd gittest2526
SE14L0120-03:gittest2526 a01032336$ git status
On branch master
Your branch is up to date with 'origin/master'.

Changes not staged for commit:
  (use "git add <file>..." to update what will be committed)
  (use "git checkout -- <file>..." to discard changes in working directory)

	modified:   test2/commands.txt

no changes added to commit (use "git add" and/or "git commit -a")
SE14L0120-03:gittest2526 a01032336$ git add test2
SE14L0120-03:gittest2526 a01032336$ git commit -m "test2"
[master 05f95b9] test2
 Committer: Elias Tayag-Ovalle <a01032336@se14l0120-03.ad.bcit.ca>
Your name and email address were configured automatically based
on your username and hostname. Please check that they are accurate.
You can suppress this message by setting them explicitly. Run the
following command and follow the instructions in your editor to edit
your configuration file:

    git config --global --edit

After doing this, you may fix the identity used for this commit with:

    git commit --amend --reset-author

 1 file changed, 124 insertions(+)
SE14L0120-03:gittest2526 a01032336$ git add test2
SE14L0120-03:gittest2526 a01032336$ git commit -m "ver1.00"
On branch master
Your branch is ahead of 'origin/master' by 1 commit.
  (use "git push" to publish your local commits)

nothing to commit, working tree clean
SE14L0120-03:gittest2526 a01032336$ git push origin master
Counting objects: 4, done.
Delta compression using up to 8 threads.
Compressing objects: 100% (3/3), done.
Writing objects: 100% (4/4), 1.53 KiB | 1.53 MiB/s, done.
Total 4 (delta 0), reused 0 (delta 0)
To https://github.com/eliastayag/gittest2526.git
   8f131e8..05f95b9  master -> master
SE14L0120-03:gittest2526 a01032336$ git checkout -b special_feature
Switched to a new branch 'special_feature'
SE14L0120-03:gittest2526 a01032336$ nano index.html
SE14L0120-03:gittest2526 a01032336$ git add index.html
SE14L0120-03:gittest2526 a01032336$ git commit -m "index late"
[special_feature 35780ab] index late
 Committer: Elias Tayag-Ovalle <a01032336@se14l0120-03.ad.bcit.ca>
Your name and email address were configured automatically based
on your username and hostname. Please check that they are accurate.
You can suppress this message by setting them explicitly. Run the
following command and follow the instructions in your editor to edit
your configuration file:

    git config --global --edit

After doing this, you may fix the identity used for this commit with:

    git commit --amend --reset-author

 1 file changed, 3 insertions(+)
 create mode 100644 index.html
SE14L0120-03:gittest2526 a01032336$ git push origin master
Everything up-to-date
SE14L0120-03:gittest2526 a01032336$ grep "myhtml"  ~/Desktop/assets/myfile.bak > index.html
SE14L0120-03:gittest2526 a01032336$ git status
On branch special_feature
Changes not staged for commit:
  (use "git add <file>..." to update what will be committed)
  (use "git checkout -- <file>..." to discard changes in working directory)

	modified:   index.html

no changes added to commit (use "git add" and/or "git commit -a")
SE14L0120-03:gittest2526 a01032336$ git add index.html
SE14L0120-03:gittest2526 a01032336$ git commit -m "index"
[special_feature 5e676b9] index
 Committer: Elias Tayag-Ovalle <a01032336@se14l0120-03.ad.bcit.ca>
Your name and email address were configured automatically based
on your username and hostname. Please check that they are accurate.
You can suppress this message by setting them explicitly. Run the
following command and follow the instructions in your editor to edit
your configuration file:

    git config --global --edit

After doing this, you may fix the identity used for this commit with:

    git commit --amend --reset-author

 1 file changed, 1 insertion(+), 3 deletions(-)
SE14L0120-03:gittest2526 a01032336$ git push origin special_feature
Counting objects: 5, done.
Delta compression using up to 8 threads.
Compressing objects: 100% (5/5), done.
Writing objects: 100% (5/5), 731 bytes | 731.00 KiB/s, done.
Total 5 (delta 0), reused 0 (delta 0)
remote: 
remote: Create a pull request for 'special_feature' on GitHub by visiting:
remote:      https://github.com/eliastayag/gittest2526/pull/new/special_feature
remote: 
To https://github.com/eliastayag/gittest2526.git
 * [new branch]      special_feature -> special_feature
SE14L0120-03:gittest2526 a01032336$ grep "myjs" ~/Desktop/assets/myfile.bak > index.js
SE14L0120-03:gittest2526 a01032336$ git add index.js
SE14L0120-03:gittest2526 a01032336$ git commit -m "js"
[special_feature a79ab5b] js
 Committer: Elias Tayag-Ovalle <a01032336@se14l0120-03.ad.bcit.ca>
Your name and email address were configured automatically based
on your username and hostname. Please check that they are accurate.
You can suppress this message by setting them explicitly. Run the
following command and follow the instructions in your editor to edit
your configuration file:

    git config --global --edit

After doing this, you may fix the identity used for this commit with:

    git commit --amend --reset-author

 1 file changed, 1 insertion(+)
 create mode 100644 index.js
SE14L0120-03:gittest2526 a01032336$ git push origin special_feature
Counting objects: 3, done.
Delta compression using up to 8 threads.
Compressing objects: 100% (3/3), done.
Writing objects: 100% (3/3), 1.87 KiB | 1.87 MiB/s, done.
Total 3 (delta 0), reused 0 (delta 0)
gTo https://github.com/eliastayag/gittest2526.git
   5e676b9..a79ab5b  special_feature -> special_feature
SE14L0120-03:gittest2526 a01032336$ grep "mycss" ~/Desktop/assets/myfile.bak > index.css
SE14L0120-03:gittest2526 a01032336$ git add index.css
SE14L0120-03:gittest2526 a01032336$ git commit -m "css"
[special_feature 1d19524] css
 Committer: Elias Tayag-Ovalle <a01032336@se14l0120-03.ad.bcit.ca>
Your name and email address were configured automatically based
on your username and hostname. Please check that they are accurate.
You can suppress this message by setting them explicitly. Run the
following command and follow the instructions in your editor to edit
your configuration file:

    git config --global --edit

After doing this, you may fix the identity used for this commit with:

    git commit --amend --reset-author

 1 file changed, 1 insertion(+)
 create mode 100644 index.css
SE14L0120-03:gittest2526 a01032336$ git push origin special_feature
Counting objects: 3, done.
Delta compression using up to 8 threads.
Compressing objects: 100% (3/3), done.
Writing objects: 100% (3/3), 409 bytes | 409.00 KiB/s, done.
Total 3 (delta 1), reused 0 (delta 0)
remote: Resolving deltas: 100% (1/1), completed with 1 local object.
To https://github.com/eliastayag/gittest2526.git
   a79ab5b..1d19524  special_feature -> special_feature
SE14L0120-03:gittest2526 a01032336$ git checkout master
Switched to branch 'master'
Your branch is up to date with 'origin/master'.
SE14L0120-03:gittest2526 a01032336$ git merge
Already up to date.
SE14L0120-03:gittest2526 a01032336$ git merge special_feature
Updating 05f95b9..1d19524
Fast-forward
 index.css  | 1 +
 index.html | 1 +
 index.js   | 1 +
 3 files changed, 3 insertions(+)
 create mode 100644 index.css
 create mode 100644 index.html
 create mode 100644 index.js
SE14L0120-03:gittest2526 a01032336$ git commit -m "merged"
On branch master
Your branch is ahead of 'origin/master' by 4 commits.
  (use "git push" to publish your local commits)

nothing to commit, working tree clean
SE14L0120-03:gittest2526 a01032336$ git push origin master
git Total 0 (delta 0), reused 0 (delta 0)
tag To https://github.com/eliastayag/gittest2526.git
   05f95b9..1d19524  master -> master
SE14L0120-03:gittest2526 a01032336$ git tag "ver1.01"
SE14L0120-03:gittest2526 a01032336$ 
